--------- beginning of main
09-14 10:28:56.998 D/AdaptiveLearningEngine(18286): Estado de autoaprendizaje restaurado: 42 firmas válidas cargadas (purgadas firmas 50% y expiradas)
09-14 10:28:57.146 D/TradeDraw(18286): Modo Headless activo (WebSocket puro, 0% consumo de pantalla)
09-14 10:28:57.214 W/TradeDraw(18286): AutoTradeAccessibilityService desconectado. Notificando HUD.
09-14 10:28:57.214 D/TradeDraw(18286): Iniciando Headless Broker WebView...
09-14 10:28:58.245 D/BinomoWebSocketClient(18286): WebSocket conectado exitosamente: wss://as.binomo.com
09-14 10:28:58.245 D/BinomoWebSocketClient(18286): Suscripción enviada para activo: Z-CRY/IDX
09-14 10:28:59.077 D/TradeDraw(18286): Headless Broker cargó: https://binomo.com/es/trading
09-14 10:29:01.308 I/TradeDraw(18286): 🎯 Headless WS URL: wss://ws.binomo.com/?v=2&vsn=2.0.0
09-14 10:29:03.454 I/TradeDraw(18286): 🎯 Headless WS URL: wss://as.binomo.com
09-14 10:29:07.215 W/TradeDraw(18286): AutoTradeAccessibilityService desconectado. Notificando HUD.
09-14 10:29:17.216 W/TradeDraw(18286): AutoTradeAccessibilityService desconectado. Notificando HUD.
09-14 10:29:27.217 W/TradeDraw(18286): AutoTradeAccessibilityService desconectado. Notificando HUD.
09-14 10:29:37.218 W/TradeDraw(18286): AutoTradeAccessibilityService desconectado. Notificando HUD.
09-14 10:29:47.221 W/TradeDraw(18286): AutoTradeAccessibilityService desconectado. Notificando HUD.
09-14 10:29:57.226 W/TradeDraw(18286): AutoTradeAccessibilityService desconectado. Notificando HUD.
09-14 10:30:07.227 W/TradeDraw(18286): AutoTradeAccessibilityService desconectado. Notificando HUD.
09-14 10:30:12.403 D/TradeDraw(18286): AutoTradeAccessibilityService connected
09-14 10:32:00.452 D/TradeDraw(18286): Click at (188.0, 2417.0) completed
09-14 10:32:00.695 D/TradingEngine(18286): Headless bloqueado por riesgo: Operación abierta en curso (0s)
09-14 10:32:01.093 D/TradingEngine(18286): Headless bloqueado por riesgo: Operación abierta en curso (0s)
09-14 10:32:01.517 D/TradingEngine(18286): Headless bloqueado por riesgo: Operación abierta en curso (1s)
09-14 10:32:01.894 D/TradingEngine(18286): Headless bloqueado por riesgo: Operación abierta en curso (1s)
09-14 10:32:02.354 D/TradingEngine(18286): Headless bloqueado por riesgo: Operación abierta en curso (2s)
09-14 10:32:02.693 D/TradingEngine(18286): Headless bloqueado por riesgo: Operación abierta en curso (2s)
09-14 10:32:03.095 D/TradingEngine(18286): Headless bloqueado por riesgo: Operación abierta en curso (2s)
09-14 10:32:03.508 D/TradingEngine(18286): Headless bloqueado por riesgo: Operación abierta en curso (3s)
09-14 10:32:03.889 D/TradingEngine(18286): Headless bloqueado por riesgo: Operación abierta en curso (3s)
09-14 10:32:04.303 D/TradingEngine(18286): Headless bloqueado por riesgo: Operación abierta en curso (3s)
09-14 10:32:04.811 D/TradingEngine(18286): Headless bloqueado por riesgo: Operación abierta en curso (4s)
09-14 10:32:05.530 D/TradingEngine(18286): Headless bloqueado por riesgo: Operación abierta en curso (5s)
09-14 10:32:05.936 D/TradingEngine(18286): Headless bloqueado por riesgo: Operación abierta en curso (5s)
09-14 10:32:57.089 D/TradingEngine(18286): Headless bloqueado por riesgo: Operación abierta en curso (56s)
09-14 10:32:57.486 D/TradingEngine(18286): Headless bloqueado por riesgo: Operación abierta en curso (57s)
09-14 10:32:57.885 D/TradingEngine(18286): Headless bloqueado por riesgo: Operación abierta en curso (57s)
09-14 10:32:58.284 D/TradingEngine(18286): Headless bloqueado por riesgo: Operación abierta en curso (57s)
09-14 10:32:58.684 D/TradingEngine(18286): Headless bloqueado por riesgo: Operación abierta en curso (58s)
09-14 10:32:59.485 D/TradingEngine(18286): Headless bloqueado por riesgo: Operación abierta en curso (59s)
09-14 10:32:59.885 D/TradingEngine(18286): Headless bloqueado por riesgo: Operación abierta en curso (59s)
09-14 10:33:00.281 D/TradingEngine(18286): Headless bloqueado por riesgo: Operación abierta en curso (59s)
09-14 10:33:00.682 D/TradingEngine(18286): Headless bloqueado por riesgo: Operación abierta en curso (60s)
09-14 10:33:01.085 D/TradingEngine(18286): Headless bloqueado por riesgo: Operación abierta en curso (60s)
09-14 10:33:01.489 D/TradingEngine(18286): Headless bloqueado por riesgo: Operación abierta en curso (61s)
09-14 10:33:01.887 D/TradingEngine(18286): Headless bloqueado por riesgo: Operación abierta en curso (61s)
09-14 10:33:02.297 D/TradingEngine(18286): Headless bloqueado por riesgo: Operación abierta en curso (61s)
09-14 10:33:02.692 D/TradingEngine(18286): Headless bloqueado por riesgo: Operación abierta en curso (62s)
09-14 10:33:03.091 D/TradingEngine(18286): Headless bloqueado por riesgo: Operación abierta en curso (62s)
09-14 10:33:03.484 D/TradingEngine(18286): Headless bloqueado por riesgo: Operación abierta en curso (63s)
09-14 10:33:03.882 D/TradingEngine(18286): Headless bloqueado por riesgo: Operación abierta en curso (63s)
09-14 10:33:04.293 D/TradingEngine(18286): Headless bloqueado por riesgo: Operación abierta en curso (63s)
09-14 10:33:04.738 D/TradingEngine(18286): Headless bloqueado por riesgo: Operación abierta en curso (64s)
09-14 10:33:05.137 D/TradingEngine(18286): Headless bloqueado por riesgo: Operación abierta en curso (64s)
09-14 10:33:05.492 D/TradingEngine(18286): Headless bloqueado por riesgo: Operación abierta en curso (65s)
09-14 10:33:05.899 D/TradingEngine(18286): Headless bloqueado por riesgo: Operación abierta en curso (65s)
09-14 10:33:12.722 W/AdaptiveLearningEngine(18286): ⚠️ Trade Perdido registrado en Memoria de Anti-Patrones: Acción=BUY, Tendencia=SIDEWAYS, DistSup=0.003375, DistRes=2.249999E-4, Vel=1.1848216E-8. ContLosses=4, RevLosses=0
09-14 10:33:12.729 D/AdaptiveLearningEngine(18286): Estado de autoaprendizaje persistido exitosamente (43 firmas guardadas)
09-14 10:33:57.291 D/TradeDraw(18286): Click at (188.0, 2417.0) completed
09-14 10:33:57.493 D/TradingEngine(18286): Headless bloqueado por riesgo: Operación abierta en curso (0s)
09-14 10:33:57.893 D/TradingEngine(18286): Headless bloqueado por riesgo: Operación abierta en curso (0s)
09-14 10:33:58.345 D/TradingEngine(18286): Headless bloqueado por riesgo: Operación abierta en curso (1s)
09-14 10:33:59.124 D/TradingEngine(18286): Headless bloqueado por riesgo: Operación abierta en curso (1s)
09-14 10:33:59.483 D/TradingEngine(18286): Headless bloqueado por riesgo: Operación abierta en curso (2s)
09-14 10:33:59.917 D/TradingEngine(18286): Headless bloqueado por riesgo: Operación abierta en curso (2s)
09-14 10:34:00.342 D/TradingEngine(18286): Headless bloqueado por riesgo: Operación abierta en curso (3s)
09-14 10:34:00.737 D/TradingEngine(18286): Headless bloqueado por riesgo: Operación abierta en curso (3s)
09-14 10:34:01.097 D/TradingEngine(18286): Headless bloqueado por riesgo: Operación abierta en curso (3s)
09-14 10:34:01.482 D/TradingEngine(18286): Headless bloqueado por riesgo: Operación abierta en curso (4s)
09-14 10:34:01.885 D/TradingEngine(18286): Headless bloqueado por riesgo: Operación abierta en curso (4s)
09-14 10:34:02.301 D/TradingEngine(18286): Headless bloqueado por riesgo: Operación abierta en curso (5s)
09-14 10:34:02.685 D/TradingEngine(18286): Headless bloqueado por riesgo: Operación abierta en curso (5s)
09-14 10:34:03.090 D/TradingEngine(18286): Headless bloqueado por riesgo: Operación abierta en curso (5s)
09-14 10:34:03.499 D/TradingEngine(18286): Headless bloqueado por riesgo: Operación abierta en curso (6s)
09-14 10:34:03.887 D/TradingEngine(18286): Headless bloqueado por riesgo: Operación abierta en curso (6s)
09-14 10:34:04.285 D/TradingEngine(18286): Headless bloqueado por riesgo: Operación abierta en curso (7s)
09-14 10:34:04.682 D/TradingEngine(18286): Headless bloqueado por riesgo: Operación abierta en curso (7s)
09-14 10:34:05.141 D/TradingEngine(18286): Headless bloqueado por riesgo: Operación abierta en curso (7s)
09-14 10:34:05.558 D/TradingEngine(18286): Headless bloqueado por riesgo: Operación abierta en curso (8s)
09-14 10:34:05.892 D/TradingEngine(18286): Headless bloqueado por riesgo: Operación abierta en curso (8s)
09-14 10:34:57.165 D/TradingEngine(18286): Headless bloqueado por riesgo: Operación abierta en curso (59s)
09-14 10:34:57.490 D/TradingEngine(18286): Headless bloqueado por riesgo: Operación abierta en curso (60s)
09-14 10:34:57.885 D/TradingEngine(18286): Headless bloqueado por riesgo: Operación abierta en curso (60s)
09-14 10:34:58.298 D/TradingEngine(18286): Headless bloqueado por riesgo: Operación abierta en curso (61s)
09-14 10:34:58.687 D/TradingEngine(18286): Headless bloqueado por riesgo: Operación abierta en curso (61s)
09-14 10:34:59.107 D/TradingEngine(18286): Headless bloqueado por riesgo: Operación abierta en curso (61s)
09-14 10:34:59.517 D/TradingEngine(18286): Headless bloqueado por riesgo: Operación abierta en curso (62s)
09-14 10:34:59.921 D/TradingEngine(18286): Headless bloqueado por riesgo: Operación abierta en curso (62s)
09-14 10:35:00.337 D/TradingEngine(18286): Headless bloqueado por riesgo: Operación abierta en curso (63s)
09-14 10:35:01.127 D/TradingEngine(18286): Headless bloqueado por riesgo: Operación abierta en curso (63s)
09-14 10:35:01.140 D/AdaptiveLearningEngine(18286): Trade Ganado: Pesos adaptativos normalizados (ContLosses=4, RevLosses=0)
09-14 10:35:01.144 D/AdaptiveLearningEngine(18286): Estado de autoaprendizaje persistido exitosamente (43 firmas guardadas)
09-14 10:35:01.495 D/TradingEngine(18286): Headless bloqueado por Cooldown post-resolución (0s < 8s)
09-14 10:35:01.885 D/TradingEngine(18286): Headless bloqueado por Cooldown post-resolución (0s < 8s)
09-14 10:35:02.291 D/TradingEngine(18286): Headless bloqueado por Cooldown post-resolución (1s < 8s)
09-14 10:35:02.691 D/TradingEngine(18286): Headless bloqueado por Cooldown post-resolución (1s < 8s)
09-14 10:35:03.084 D/TradingEngine(18286): Headless bloqueado por Cooldown post-resolución (1s < 8s)
09-14 10:35:03.488 D/TradingEngine(18286): Headless bloqueado por Cooldown post-resolución (2s < 8s)
09-14 10:35:03.885 D/TradingEngine(18286): Headless bloqueado por Cooldown post-resolución (2s < 8s)
09-14 10:35:04.288 D/TradingEngine(18286): Headless bloqueado por Cooldown post-resolución (3s < 8s)
09-14 10:35:04.742 D/TradingEngine(18286): Headless bloqueado por Cooldown post-resolución (3s < 8s)
09-14 10:35:05.145 D/TradingEngine(18286): Headless bloqueado por Cooldown post-resolución (3s < 8s)
09-14 10:35:05.484 D/TradingEngine(18286): Headless bloqueado por Cooldown post-resolución (4s < 8s)
09-14 10:35:05.890 D/TradingEngine(18286): Headless bloqueado por Cooldown post-resolución (4s < 8s)
09-14 10:35:57.276 D/TradeDraw(18286): Click at (188.0, 2417.0) completed
09-14 10:35:57.504 D/TradingEngine(18286): Headless bloqueado por riesgo: Operación abierta en curso (0s)
09-14 10:35:57.884 D/TradingEngine(18286): Headless bloqueado por riesgo: Operación abierta en curso (0s)
09-14 10:35:58.316 D/TradingEngine(18286): Headless bloqueado por riesgo: Operación abierta en curso (1s)
09-14 10:35:58.684 D/TradingEngine(18286): Headless bloqueado por riesgo: Operación abierta en curso (1s)
09-14 10:35:59.081 D/TradingEngine(18286): Headless bloqueado por riesgo: Operación abierta en curso (1s)
09-14 10:35:59.528 D/TradingEngine(18286): Headless bloqueado por riesgo: Operación abierta en curso (2s)
09-14 10:35:59.883 D/TradingEngine(18286): Headless bloqueado por riesgo: Operación abierta en curso (2s)
09-14 10:36:00.335 D/TradingEngine(18286): Headless bloqueado por riesgo: Operación abierta en curso (3s)
09-14 10:36:00.749 D/TradingEngine(18286): Headless bloqueado por riesgo: Operación abierta en curso (3s)
09-14 10:36:01.085 D/TradingEngine(18286): Headless bloqueado por riesgo: Operación abierta en curso (3s)
09-14 10:36:01.485 D/TradingEngine(18286): Headless bloqueado por riesgo: Operación abierta en curso (4s)
09-14 10:36:01.889 D/TradingEngine(18286): Headless bloqueado por riesgo: Operación abierta en curso (4s)
09-14 10:36:02.293 D/TradingEngine(18286): Headless bloqueado por riesgo: Operación abierta en curso (5s)
09-14 10:36:02.684 D/TradingEngine(18286): Headless bloqueado por riesgo: Operación abierta en curso (5s)
09-14 10:36:03.091 D/TradingEngine(18286): Headless bloqueado por riesgo: Operación abierta en curso (5s)
09-14 10:36:03.493 D/TradingEngine(18286): Headless bloqueado por riesgo: Operación abierta en curso (6s)
09-14 10:36:03.886 D/TradingEngine(18286): Headless bloqueado por riesgo: Operación abierta en curso (6s)
09-14 10:36:04.282 D/TradingEngine(18286): Headless bloqueado por riesgo: Operación abierta en curso (7s)
09-14 10:36:04.740 D/TradingEngine(18286): Headless bloqueado por riesgo: Operación abierta en curso (7s)
09-14 10:36:05.111 D/TradingEngine(18286): Headless bloqueado por riesgo: Operación abierta en curso (7s)
09-14 10:36:05.485 D/TradingEngine(18286): Headless bloqueado por riesgo: Operación abierta en curso (8s)
09-14 10:36:05.887 D/TradingEngine(18286): Headless bloqueado por riesgo: Operación abierta en curso (8s)
09-14 10:36:57.081 D/TradingEngine(18286): Headless bloqueado por riesgo: Operación abierta en curso (59s)
09-14 10:36:57.497 D/TradingEngine(18286): Headless bloqueado por riesgo: Operación abierta en curso (60s)
09-14 10:36:57.891 D/TradingEngine(18286): Headless bloqueado por riesgo: Operación abierta en curso (60s)
09-14 10:36:58.293 D/TradingEngine(18286): Headless bloqueado por riesgo: Operación abierta en curso (61s)
09-14 10:36:58.683 D/TradingEngine(18286): Headless bloqueado por riesgo: Operación abierta en curso (61s)
09-14 10:36:59.116 D/TradingEngine(18286): Headless bloqueado por riesgo: Operación abierta en curso (61s)
09-14 10:36:59.526 D/TradingEngine(18286): Headless bloqueado por riesgo: Operación abierta en curso (62s)
09-14 10:36:59.889 D/TradingEngine(18286): Headless bloqueado por riesgo: Operación abierta en curso (62s)
09-14 10:37:00.347 D/TradingEngine(18286): Headless bloqueado por riesgo: Operación abierta en curso (63s)
09-14 10:37:00.684 D/TradingEngine(18286): Headless bloqueado por riesgo: Operación abierta en curso (63s)
09-14 10:37:00.687 D/AdaptiveLearningEngine(18286): Trade Ganado: Pesos adaptativos normalizados (ContLosses=4, RevLosses=0)
09-14 10:37:00.689 D/AdaptiveLearningEngine(18286): Estado de autoaprendizaje persistido exitosamente (43 firmas guardadas)
09-14 10:37:01.082 D/TradingEngine(18286): Headless bloqueado por Cooldown post-resolución (0s < 8s)
09-14 10:37:01.488 D/TradingEngine(18286): Headless bloqueado por Cooldown post-resolución (0s < 8s)
09-14 10:37:01.883 D/TradingEngine(18286): Headless bloqueado por Cooldown post-resolución (1s < 8s)
09-14 10:37:02.291 D/TradingEngine(18286): Headless bloqueado por Cooldown post-resolución (1s < 8s)
09-14 10:37:02.681 D/TradingEngine(18286): Headless bloqueado por Cooldown post-resolución (1s < 8s)
09-14 10:37:03.087 D/TradingEngine(18286): Headless bloqueado por Cooldown post-resolución (2s < 8s)
09-14 10:37:03.488 D/TradingEngine(18286): Headless bloqueado por Cooldown post-resolución (2s < 8s)
09-14 10:37:03.887 D/TradingEngine(18286): Headless bloqueado por Cooldown post-resolución (3s < 8s)
09-14 10:37:04.280 D/TradingEngine(18286): Headless bloqueado por Cooldown post-resolución (3s < 8s)
09-14 10:37:04.681 D/TradingEngine(18286): Headless bloqueado por Cooldown post-resolución (3s < 8s)
09-14 10:37:05.089 D/TradingEngine(18286): Headless bloqueado por Cooldown post-resolución (4s < 8s)
09-14 10:37:05.569 D/TradingEngine(18286): Headless bloqueado por Cooldown post-resolución (4s < 8s)
09-14 10:37:05.882 D/TradingEngine(18286): Headless bloqueado por Cooldown post-resolución (5s < 8s)
09-14 10:37:57.202 D/TradeDraw(18286): Click at (983.0, 2420.0) completed
09-14 10:37:57.487 D/TradingEngine(18286): Headless bloqueado por riesgo: Operación abierta en curso (0s)
09-14 10:37:57.894 D/TradingEngine(18286): Headless bloqueado por riesgo: Operación abierta en curso (0s)
09-14 10:37:58.341 D/TradingEngine(18286): Headless bloqueado por riesgo: Operación abierta en curso (1s)
09-14 10:37:58.684 D/TradingEngine(18286): Headless bloqueado por riesgo: Operación abierta en curso (1s)
09-14 10:37:59.094 D/TradingEngine(18286): Headless bloqueado por riesgo: Operación abierta en curso (1s)
09-14 10:37:59.482 D/TradingEngine(18286): Headless bloqueado por riesgo: Operación abierta en curso (2s)
09-14 10:37:59.881 D/TradingEngine(18286): Headless bloqueado por riesgo: Operación abierta en curso (2s)
09-14 10:38:00.296 D/TradingEngine(18286): Headless bloqueado por riesgo: Operación abierta en curso (3s)
09-14 10:38:00.682 D/TradingEngine(18286): Headless bloqueado por riesgo: Operación abierta en curso (3s)
09-14 10:38:01.088 D/TradingEngine(18286): Headless bloqueado por riesgo: Operación abierta en curso (3s)
09-14 10:38:01.487 D/TradingEngine(18286): Headless bloqueado por riesgo: Operación abierta en curso (4s)
09-14 10:38:01.887 D/TradingEngine(18286): Headless bloqueado por riesgo: Operación abierta en curso (4s)
09-14 10:38:02.284 D/TradingEngine(18286): Headless bloqueado por riesgo: Operación abierta en curso (5s)
09-14 10:38:02.685 D/TradingEngine(18286): Headless bloqueado por riesgo: Operación abierta en curso (5s)
09-14 10:38:03.088 D/TradingEngine(18286): Headless bloqueado por riesgo: Operación abierta en curso (5s)
09-14 10:38:03.477 D/TradingEngine(18286): Headless bloqueado por riesgo: Operación abierta en curso (6s)
09-14 10:38:04.283 D/TradingEngine(18286): Headless bloqueado por riesgo: Operación abierta en curso (7s)
09-14 10:38:04.684 D/TradingEngine(18286): Headless bloqueado por riesgo: Operación abierta en curso (7s)
09-14 10:38:05.085 D/TradingEngine(18286): Headless bloqueado por riesgo: Operación abierta en curso (7s)
09-14 10:38:05.891 D/TradingEngine(18286): Headless bloqueado por riesgo: Operación abierta en curso (8s)
09-14 10:38:57.080 D/TradingEngine(18286): Headless bloqueado por riesgo: Operación abierta en curso (59s)
09-14 10:38:57.490 D/TradingEngine(18286): Headless bloqueado por riesgo: Operación abierta en curso (60s)
09-14 10:38:57.901 D/TradingEngine(18286): Headless bloqueado por riesgo: Operación abierta en curso (60s)
09-14 10:38:58.306 D/TradingEngine(18286): Headless bloqueado por riesgo: Operación abierta en curso (61s)
09-14 10:38:58.682 D/TradingEngine(18286): Headless bloqueado por riesgo: Operación abierta en curso (61s)
09-14 10:38:59.130 D/TradingEngine(18286): Headless bloqueado por riesgo: Operación abierta en curso (62s)
09-14 10:38:59.539 D/TradingEngine(18286): Headless bloqueado por riesgo: Operación abierta en curso (62s)
09-14 10:38:59.950 D/TradingEngine(18286): Headless bloqueado por riesgo: Operación abierta en curso (62s)
09-14 10:39:00.302 D/TradingEngine(18286): Headless bloqueado por riesgo: Operación abierta en curso (63s)
09-14 10:39:00.683 D/TradingEngine(18286): Headless bloqueado por riesgo: Operación abierta en curso (63s)
09-14 10:39:01.105 D/TradingEngine(18286): Headless bloqueado por riesgo: Operación abierta en curso (64s)
09-14 10:39:01.486 D/TradingEngine(18286): Headless bloqueado por riesgo: Operación abierta en curso (64s)
09-14 10:39:01.897 D/TradingEngine(18286): Headless bloqueado por riesgo: Operación abierta en curso (64s)
09-14 10:39:02.287 D/TradingEngine(18286): Headless bloqueado por riesgo: Operación abierta en curso (65s)
09-14 10:39:02.692 D/TradingEngine(18286): Headless bloqueado por riesgo: Operación abierta en curso (65s)
09-14 10:39:03.086 D/TradingEngine(18286): Headless bloqueado por riesgo: Operación abierta en curso (65s)
09-14 10:39:03.483 D/TradingEngine(18286): Headless bloqueado por riesgo: Operación abierta en curso (66s)
09-14 10:39:03.889 D/TradingEngine(18286): Headless bloqueado por riesgo: Operación abierta en curso (66s)
09-14 10:39:04.287 D/TradingEngine(18286): Headless bloqueado por riesgo: Operación abierta en curso (67s)
09-14 10:39:04.689 D/TradingEngine(18286): Headless bloqueado por riesgo: Operación abierta en curso (67s)
09-14 10:39:05.084 D/TradingEngine(18286): Headless bloqueado por riesgo: Operación abierta en curso (67s)
09-14 10:39:05.486 D/TradingEngine(18286): Headless bloqueado por riesgo: Operación abierta en curso (68s)
09-14 10:39:05.892 D/TradingEngine(18286): Headless bloqueado por riesgo: Operación abierta en curso (68s)
09-14 10:39:09.495 W/AdaptiveLearningEngine(18286): ⚠️ Trade Perdido registrado en Memoria de Anti-Patrones: Acción=SELL, Tendencia=SIDEWAYS, DistSup=0.004625, DistRes=0.0020250003, Vel=6.265684E-8. ContLosses=4, RevLosses=0
09-14 10:39:09.496 D/AdaptiveLearningEngine(18286): Estado de autoaprendizaje persistido exitosamente (44 firmas guardadas)
09-14 10:39:57.196 D/TradeDraw(18286): Click at (188.0, 2417.0) completed
09-14 10:39:57.499 D/TradingEngine(18286): Headless bloqueado por riesgo: Operación abierta en curso (0s)
09-14 10:39:57.910 D/TradingEngine(18286): Headless bloqueado por riesgo: Operación abierta en curso (0s)
09-14 10:39:58.284 D/TradingEngine(18286): Headless bloqueado por riesgo: Operación abierta en curso (1s)
09-14 10:39:58.680 D/TradingEngine(18286): Headless bloqueado por riesgo: Operación abierta en curso (1s)
09-14 10:39:59.094 D/TradingEngine(18286): Headless bloqueado por riesgo: Operación abierta en curso (1s)
09-14 10:39:59.549 D/TradingEngine(18286): Headless bloqueado por riesgo: Operación abierta en curso (2s)
09-14 10:39:59.882 D/TradingEngine(18286): Headless bloqueado por riesgo: Operación abierta en curso (2s)
09-14 10:40:00.291 D/TradingEngine(18286): Headless bloqueado por riesgo: Operación abierta en curso (3s)
09-14 10:40:00.687 D/TradingEngine(18286): Headless bloqueado por riesgo: Operación abierta en curso (3s)
09-14 10:40:01.086 D/TradingEngine(18286): Headless bloqueado por riesgo: Operación abierta en curso (3s)
09-14 10:40:01.484 D/TradingEngine(18286): Headless bloqueado por riesgo: Operación abierta en curso (4s)
09-14 10:40:01.891 D/TradingEngine(18286): Headless bloqueado por riesgo: Operación abierta en curso (4s)
09-14 10:40:02.310 D/TradingEngine(18286): Headless bloqueado por riesgo: Operación abierta en curso (5s)
09-14 10:40:02.688 D/TradingEngine(18286): Headless bloqueado por riesgo: Operación abierta en curso (5s)
09-14 10:40:03.085 D/TradingEngine(18286): Headless bloqueado por riesgo: Operación abierta en curso (5s)
09-14 10:40:03.484 D/TradingEngine(18286): Headless bloqueado por riesgo: Operación abierta en curso (6s)
09-14 10:40:03.879 D/TradingEngine(18286): Headless bloqueado por riesgo: Operación abierta en curso (6s)
09-14 10:40:04.300 D/TradingEngine(18286): Headless bloqueado por riesgo: Operación abierta en curso (7s)
09-14 10:40:04.693 D/TradingEngine(18286): Headless bloqueado por riesgo: Operación abierta en curso (7s)
09-14 10:40:05.178 D/TradingEngine(18286): Headless bloqueado por riesgo: Operación abierta en curso (8s)
09-14 10:40:05.485 D/TradingEngine(18286): Headless bloqueado por riesgo: Operación abierta en curso (8s)
09-14 10:40:05.884 D/TradingEngine(18286): Headless bloqueado por riesgo: Operación abierta en curso (8s)
09-14 10:40:57.480 D/TradingEngine(18286): Headless bloqueado por riesgo: Operación abierta en curso (60s)
09-14 10:40:57.913 D/TradingEngine(18286): Headless bloqueado por riesgo: Operación abierta en curso (60s)
09-14 10:40:58.311 D/TradingEngine(18286): Headless bloqueado por riesgo: Operación abierta en curso (61s)
09-14 10:40:58.683 D/TradingEngine(18286): Headless bloqueado por riesgo: Operación abierta en curso (61s)
09-14 10:40:59.141 D/TradingEngine(18286): Headless bloqueado por riesgo: Operación abierta en curso (62s)
09-14 10:40:59.484 D/TradingEngine(18286): Headless bloqueado por riesgo: Operación abierta en curso (62s)
09-14 10:40:59.968 D/TradingEngine(18286): Headless bloqueado por riesgo: Operación abierta en curso (62s)
09-14 10:41:00.289 D/TradingEngine(18286): Headless bloqueado por riesgo: Operación abierta en curso (63s)
09-14 10:41:00.690 D/TradingEngine(18286): Headless bloqueado por riesgo: Operación abierta en curso (63s)
09-14 10:41:00.700 D/AdaptiveLearningEngine(18286): Trade Ganado: Pesos adaptativos normalizados (ContLosses=4, RevLosses=0)
09-14 10:41:00.702 D/AdaptiveLearningEngine(18286): Estado de autoaprendizaje persistido exitosamente (44 firmas guardadas)
09-14 10:41:01.087 D/TradingEngine(18286): Headless bloqueado por Cooldown post-resolución (0s < 8s)
09-14 10:41:01.493 D/TradingEngine(18286): Headless bloqueado por Cooldown post-resolución (0s < 8s)
09-14 10:41:01.879 D/TradingEngine(18286): Headless bloqueado por Cooldown post-resolución (1s < 8s)
09-14 10:41:02.323 D/TradingEngine(18286): Headless bloqueado por Cooldown post-resolución (1s < 8s)
09-14 10:41:02.688 D/TradingEngine(18286): Headless bloqueado por Cooldown post-resolución (1s < 8s)
09-14 10:41:03.090 D/TradingEngine(18286): Headless bloqueado por Cooldown post-resolución (2s < 8s)
09-14 10:41:03.486 D/TradingEngine(18286): Headless bloqueado por Cooldown post-resolución (2s < 8s)
09-14 10:41:03.885 D/TradingEngine(18286): Headless bloqueado por Cooldown post-resolución (3s < 8s)
09-14 10:41:04.280 D/TradingEngine(18286): Headless bloqueado por Cooldown post-resolución (3s < 8s)
09-14 10:41:04.684 D/TradingEngine(18286): Headless bloqueado por Cooldown post-resolución (3s < 8s)
09-14 10:41:05.083 D/TradingEngine(18286): Headless bloqueado por Cooldown post-resolución (4s < 8s)
09-14 10:41:05.490 D/TradingEngine(18286): Headless bloqueado por Cooldown post-resolución (4s < 8s)
09-14 10:41:05.904 D/TradingEngine(18286): Headless bloqueado por Cooldown post-resolución (5s < 8s)
09-14 10:41:57.200 D/TradeDraw(18286): Click at (188.0, 2417.0) completed
09-14 10:41:57.918 D/TradingEngine(18286): Headless bloqueado por riesgo: Operación abierta en curso (0s)
09-14 10:41:58.289 D/TradingEngine(18286): Headless bloqueado por riesgo: Operación abierta en curso (1s)
09-14 10:41:58.740 D/TradingEngine(18286): Headless bloqueado por riesgo: Operación abierta en curso (1s)
09-14 10:41:59.145 D/TradingEngine(18286): Headless bloqueado por riesgo: Operación abierta en curso (2s)
09-14 10:41:59.553 D/TradingEngine(18286): Headless bloqueado por riesgo: Operación abierta en curso (2s)
09-14 10:41:59.968 D/TradingEngine(18286): Headless bloqueado por riesgo: Operación abierta en curso (2s)
09-14 10:42:00.295 D/TradingEngine(18286): Headless bloqueado por riesgo: Operación abierta en curso (3s)
09-14 10:42:00.699 D/TradingEngine(18286): Headless bloqueado por riesgo: Operación abierta en curso (3s)
09-14 10:42:01.088 D/TradingEngine(18286): Headless bloqueado por riesgo: Operación abierta en curso (3s)
09-14 10:42:01.488 D/TradingEngine(18286): Headless bloqueado por riesgo: Operación abierta en curso (4s)
09-14 10:42:01.892 D/TradingEngine(18286): Headless bloqueado por riesgo: Operación abierta en curso (4s)
09-14 10:42:02.329 D/TradingEngine(18286): Headless bloqueado por riesgo: Operación abierta en curso (5s)
09-14 10:42:02.691 D/TradingEngine(18286): Headless bloqueado por riesgo: Operación abierta en curso (5s)
09-14 10:42:03.087 D/TradingEngine(18286): Headless bloqueado por riesgo: Operación abierta en curso (5s)
09-14 10:42:03.488 D/TradingEngine(18286): Headless bloqueado por riesgo: Operación abierta en curso (6s)
09-14 10:42:03.887 D/TradingEngine(18286): Headless bloqueado por riesgo: Operación abierta en curso (6s)
09-14 10:42:04.285 D/TradingEngine(18286): Headless bloqueado por riesgo: Operación abierta en curso (7s)
09-14 10:42:04.780 D/TradingEngine(18286): Headless bloqueado por riesgo: Operación abierta en curso (7s)
09-14 10:42:05.086 D/TradingEngine(18286): Headless bloqueado por riesgo: Operación abierta en curso (7s)
09-14 10:42:05.602 D/TradingEngine(18286): Headless bloqueado por riesgo: Operación abierta en curso (8s)
09-14 10:42:05.886 D/TradingEngine(18286): Headless bloqueado por riesgo: Operación abierta en curso (8s)
09-14 10:42:57.103 D/TradingEngine(18286): Headless bloqueado por riesgo: Operación abierta en curso (59s)
09-14 10:42:57.518 D/TradingEngine(18286): Headless bloqueado por riesgo: Operación abierta en curso (60s)
09-14 10:42:57.923 D/TradingEngine(18286): Headless bloqueado por riesgo: Operación abierta en curso (60s)
09-14 10:42:58.319 D/TradingEngine(18286): Headless bloqueado por riesgo: Operación abierta en curso (61s)
09-14 10:42:58.686 D/TradingEngine(18286): Headless bloqueado por riesgo: Operación abierta en curso (61s)
09-14 10:42:59.152 D/TradingEngine(18286): Headless bloqueado por riesgo: Operación abierta en curso (62s)
09-14 10:42:59.490 D/TradingEngine(18286): Headless bloqueado por riesgo: Operación abierta en curso (62s)
09-14 10:42:59.885 D/TradingEngine(18286): Headless bloqueado por riesgo: Operación abierta en curso (62s)
09-14 10:43:00.287 D/TradingEngine(18286): Headless bloqueado por riesgo: Operación abierta en curso (63s)
09-14 10:43:00.693 D/TradingEngine(18286): Headless bloqueado por riesgo: Operación abierta en curso (63s)
09-14 10:43:00.700 D/AdaptiveLearningEngine(18286): Trade Ganado: Pesos adaptativos normalizados (ContLosses=4, RevLosses=0)
09-14 10:43:00.702 D/AdaptiveLearningEngine(18286): Estado de autoaprendizaje persistido exitosamente (44 firmas guardadas)
09-14 10:43:01.086 D/TradingEngine(18286): Headless bloqueado por Cooldown post-resolución (0s < 8s)
09-14 10:43:01.490 D/TradingEngine(18286): Headless bloqueado por Cooldown post-resolución (0s < 8s)
09-14 10:43:01.879 D/TradingEngine(18286): Headless bloqueado por Cooldown post-resolución (1s < 8s)
09-14 10:43:02.280 D/TradingEngine(18286): Headless bloqueado por Cooldown post-resolución (1s < 8s)
09-14 10:43:02.692 D/TradingEngine(18286): Headless bloqueado por Cooldown post-resolución (1s < 8s)
09-14 10:43:03.086 D/TradingEngine(18286): Headless bloqueado por Cooldown post-resolución (2s < 8s)
09-14 10:43:03.481 D/TradingEngine(18286): Headless bloqueado por Cooldown post-resolución (2s < 8s)
09-14 10:43:03.890 D/TradingEngine(18286): Headless bloqueado por Cooldown post-resolución (3s < 8s)
09-14 10:43:04.284 D/TradingEngine(18286): Headless bloqueado por Cooldown post-resolución (3s < 8s)
09-14 10:43:04.690 D/TradingEngine(18286): Headless bloqueado por Cooldown post-resolución (3s < 8s)
09-14 10:43:05.087 D/TradingEngine(18286): Headless bloqueado por Cooldown post-resolución (4s < 8s)
09-14 10:43:05.482 D/TradingEngine(18286): Headless bloqueado por Cooldown post-resolución (4s < 8s)
09-14 10:43:05.878 D/TradingEngine(18286): Headless bloqueado por Cooldown post-resolución (5s < 8s)
09-14 10:43:57.211 D/TradeDraw(18286): Click at (983.0, 2420.0) completed
09-14 10:43:57.930 D/TradingEngine(18286): Headless bloqueado por riesgo: Operación abierta en curso (0s)
09-14 10:43:58.301 D/TradingEngine(18286): Headless bloqueado por riesgo: Operación abierta en curso (1s)
09-14 10:43:58.737 D/TradingEngine(18286): Headless bloqueado por riesgo: Operación abierta en curso (1s)
09-14 10:43:59.092 D/TradingEngine(18286): Headless bloqueado por riesgo: Operación abierta en curso (1s)
09-14 10:43:59.493 D/TradingEngine(18286): Headless bloqueado por riesgo: Operación abierta en curso (2s)
09-14 10:43:59.897 D/TradingEngine(18286): Headless bloqueado por riesgo: Operación abierta en curso (2s)
09-14 10:44:00.294 D/TradingEngine(18286): Headless bloqueado por riesgo: Operación abierta en curso (3s)
09-14 10:44:00.699 D/TradingEngine(18286): Headless bloqueado por riesgo: Operación abierta en curso (3s)
09-14 10:44:01.104 D/TradingEngine(18286): Headless bloqueado por riesgo: Operación abierta en curso (3s)
09-14 10:44:01.496 D/TradingEngine(18286): Headless bloqueado por riesgo: Operación abierta en curso (4s)
09-14 10:44:01.894 D/TradingEngine(18286): Headless bloqueado por riesgo: Operación abierta en curso (4s)
09-14 10:44:02.300 D/TradingEngine(18286): Headless bloqueado por riesgo: Operación abierta en curso (5s)
09-14 10:44:02.697 D/TradingEngine(18286): Headless bloqueado por riesgo: Operación abierta en curso (5s)
09-14 10:44:03.094 D/TradingEngine(18286): Headless bloqueado por riesgo: Operación abierta en curso (5s)
09-14 10:44:03.489 D/TradingEngine(18286): Headless bloqueado por riesgo: Operación abierta en curso (6s)
09-14 10:44:03.889 D/TradingEngine(18286): Headless bloqueado por riesgo: Operación abierta en curso (6s)
09-14 10:44:04.301 D/TradingEngine(18286): Headless bloqueado por riesgo: Operación abierta en curso (7s)
09-14 10:44:04.695 D/TradingEngine(18286): Headless bloqueado por riesgo: Operación abierta en curso (7s)
09-14 10:44:05.102 D/TradingEngine(18286): Headless bloqueado por riesgo: Operación abierta en curso (7s)
09-14 10:44:05.506 D/TradingEngine(18286): Headless bloqueado por riesgo: Operación abierta en curso (8s)
09-14 10:44:05.917 D/TradingEngine(18286): Headless bloqueado por riesgo: Operación abierta en curso (8s)
09-14 10:44:57.123 D/TradingEngine(18286): Headless bloqueado por riesgo: Operación abierta en curso (60s)
09-14 10:44:57.528 D/TradingEngine(18286): Headless bloqueado por riesgo: Operación abierta en curso (60s)
09-14 10:44:57.936 D/TradingEngine(18286): Headless bloqueado por riesgo: Operación abierta en curso (60s)
09-14 10:44:58.293 D/TradingEngine(18286): Headless bloqueado por riesgo: Operación abierta en curso (61s)
09-14 10:44:58.686 D/TradingEngine(18286): Headless bloqueado por riesgo: Operación abierta en curso (61s)
09-14 10:44:59.078 D/TradingEngine(18286): Headless bloqueado por riesgo: Operación abierta en curso (61s)
09-14 10:44:59.480 D/TradingEngine(18286): Headless bloqueado por riesgo: Operación abierta en curso (62s)
09-14 10:44:59.893 D/TradingEngine(18286): Headless bloqueado por riesgo: Operación abierta en curso (62s)
09-14 10:45:00.301 D/TradingEngine(18286): Headless bloqueado por riesgo: Operación abierta en curso (63s)
09-14 10:45:00.703 D/TradingEngine(18286): Headless bloqueado por riesgo: Operación abierta en curso (63s)
09-14 10:45:00.713 D/AdaptiveLearningEngine(18286): Trade Ganado: Pesos adaptativos normalizados (ContLosses=4, RevLosses=0)
09-14 10:45:00.716 D/AdaptiveLearningEngine(18286): Estado de autoaprendizaje persistido exitosamente (44 firmas guardadas)
09-14 10:45:01.094 D/TradingEngine(18286): Headless bloqueado por Cooldown post-resolución (0s < 8s)
09-14 10:45:01.485 D/TradingEngine(18286): Headless bloqueado por Cooldown post-resolución (0s < 8s)
09-14 10:45:01.888 D/TradingEngine(18286): Headless bloqueado por Cooldown post-resolución (1s < 8s)
09-14 10:45:02.288 D/TradingEngine(18286): Headless bloqueado por Cooldown post-resolución (1s < 8s)
09-14 10:45:02.689 D/TradingEngine(18286): Headless bloqueado por Cooldown post-resolución (1s < 8s)
09-14 10:45:03.085 D/TradingEngine(18286): Headless bloqueado por Cooldown post-resolución (2s < 8s)
09-14 10:45:03.489 D/TradingEngine(18286): Headless bloqueado por Cooldown post-resolución (2s < 8s)
09-14 10:45:03.884 D/TradingEngine(18286): Headless bloqueado por Cooldown post-resolución (3s < 8s)
09-14 10:45:04.300 D/TradingEngine(18286): Headless bloqueado por Cooldown post-resolución (3s < 8s)
09-14 10:45:04.699 D/TradingEngine(18286): Headless bloqueado por Cooldown post-resolución (3s < 8s)
09-14 10:45:05.111 D/TradingEngine(18286): Headless bloqueado por Cooldown post-resolución (4s < 8s)
09-14 10:45:05.518 D/TradingEngine(18286): Headless bloqueado por Cooldown post-resolución (4s < 8s)
09-14 10:45:05.923 D/TradingEngine(18286): Headless bloqueado por Cooldown post-resolución (5s < 8s)
09-14 10:45:57.212 D/TradeDraw(18286): Click at (188.0, 2417.0) completed
09-14 10:45:57.536 D/TradingEngine(18286): Headless bloqueado por riesgo: Operación abierta en curso (0s)
09-14 10:45:57.945 D/TradingEngine(18286): Headless bloqueado por riesgo: Operación abierta en curso (0s)
09-14 10:45:58.324 D/TradingEngine(18286): Headless bloqueado por riesgo: Operación abierta en curso (1s)
09-14 10:45:58.682 D/TradingEngine(18286): Headless bloqueado por riesgo: Operación abierta en curso (1s)
09-14 10:45:59.084 D/TradingEngine(18286): Headless bloqueado por riesgo: Operación abierta en curso (1s)
09-14 10:45:59.489 D/TradingEngine(18286): Headless bloqueado por riesgo: Operación abierta en curso (2s)
09-14 10:45:59.892 D/TradingEngine(18286): Headless bloqueado por riesgo: Operación abierta en curso (2s)
09-14 10:46:00.281 D/TradingEngine(18286): Headless bloqueado por riesgo: Operación abierta en curso (3s)
09-14 10:46:00.709 D/TradingEngine(18286): Headless bloqueado por riesgo: Operación abierta en curso (3s)
09-14 10:46:01.118 D/TradingEngine(18286): Headless bloqueado por riesgo: Operación abierta en curso (3s)
09-14 10:46:01.486 D/TradingEngine(18286): Headless bloqueado por riesgo: Operación abierta en curso (4s)
09-14 10:46:01.883 D/TradingEngine(18286): Headless bloqueado por riesgo: Operación abierta en curso (4s)
09-14 10:46:02.291 D/TradingEngine(18286): Headless bloqueado por riesgo: Operación abierta en curso (5s)
09-14 10:46:02.689 D/TradingEngine(18286): Headless bloqueado por riesgo: Operación abierta en curso (5s)
09-14 10:46:03.083 D/TradingEngine(18286): Headless bloqueado por riesgo: Operación abierta en curso (5s)
09-14 10:46:03.493 D/TradingEngine(18286): Headless bloqueado por riesgo: Operación abierta en curso (6s)
09-14 10:46:03.884 D/TradingEngine(18286): Headless bloqueado por riesgo: Operación abierta en curso (6s)
09-14 10:46:04.291 D/TradingEngine(18286): Headless bloqueado por riesgo: Operación abierta en curso (7s)
09-14 10:46:04.704 D/TradingEngine(18286): Headless bloqueado por riesgo: Operación abierta en curso (7s)
09-14 10:46:05.119 D/TradingEngine(18286): Headless bloqueado por riesgo: Operación abierta en curso (7s)
09-14 10:46:05.521 D/TradingEngine(18286): Headless bloqueado por riesgo: Operación abierta en curso (8s)
09-14 10:46:05.939 D/TradingEngine(18286): Headless bloqueado por riesgo: Operación abierta en curso (8s)
09-14 10:46:57.133 D/TradingEngine(18286): Headless bloqueado por riesgo: Operación abierta en curso (60s)
09-14 10:46:57.538 D/TradingEngine(18286): Headless bloqueado por riesgo: Operación abierta en curso (60s)
09-14 10:46:57.952 D/TradingEngine(18286): Headless bloqueado por riesgo: Operación abierta en curso (60s)
09-14 10:46:58.329 D/TradingEngine(18286): Headless bloqueado por riesgo: Operación abierta en curso (61s)
09-14 10:46:58.690 D/TradingEngine(18286): Headless bloqueado por riesgo: Operación abierta en curso (61s)
09-14 10:46:59.085 D/TradingEngine(18286): Headless bloqueado por riesgo: Operación abierta en curso (61s)
09-14 10:46:59.482 D/TradingEngine(18286): Headless bloqueado por riesgo: Operación abierta en curso (62s)
09-14 10:46:59.897 D/TradingEngine(18286): Headless bloqueado por riesgo: Operación abierta en curso (62s)
09-14 10:47:00.305 D/TradingEngine(18286): Headless bloqueado por riesgo: Operación abierta en curso (63s)
09-14 10:47:00.705 D/TradingEngine(18286): Headless bloqueado por riesgo: Operación abierta en curso (63s)
09-14 10:47:01.088 D/TradingEngine(18286): Headless bloqueado por riesgo: Operación abierta en curso (63s)
09-14 10:47:01.925 D/TradingEngine(18286): Headless bloqueado por riesgo: Operación abierta en curso (64s)
09-14 10:47:02.287 D/TradingEngine(18286): Headless bloqueado por riesgo: Operación abierta en curso (65s)
09-14 10:47:02.689 D/TradingEngine(18286): Headless bloqueado por riesgo: Operación abierta en curso (65s)
09-14 10:47:03.092 D/TradingEngine(18286): Headless bloqueado por riesgo: Operación abierta en curso (65s)
09-14 10:47:03.481 D/TradingEngine(18286): Headless bloqueado por riesgo: Operación abierta en curso (66s)
09-14 10:47:04.299 D/TradingEngine(18286): Headless bloqueado por riesgo: Operación abierta en curso (67s)
09-14 10:47:04.691 D/TradingEngine(18286): Headless bloqueado por riesgo: Operación abierta en curso (67s)
09-14 10:47:05.120 D/TradingEngine(18286): Headless bloqueado por riesgo: Operación abierta en curso (67s)
09-14 10:47:05.488 D/TradingEngine(18286): Headless bloqueado por riesgo: Operación abierta en curso (68s)
09-14 10:47:05.879 D/TradingEngine(18286): Headless bloqueado por riesgo: Operación abierta en curso (68s)
09-14 10:47:09.537 W/AdaptiveLearningEngine(18286): ⚠️ Trade Perdido registrado en Memoria de Anti-Patrones: Acción=BUY, Tendencia=SIDEWAYS, DistSup=0.0040749996, DistRes=0.0020750002, Vel=9.779931E-8. ContLosses=4, RevLosses=0
09-14 10:47:09.541 D/AdaptiveLearningEngine(18286): Estado de autoaprendizaje persistido exitosamente (45 firmas guardadas)
09-14 10:47:57.227 D/TradeDraw(18286): Click at (188.0, 2417.0) completed
09-14 10:47:57.479 D/TradingEngine(18286): Headless bloqueado por riesgo: Operación abierta en curso (0s)
09-14 10:47:57.888 D/TradingEngine(18286): Headless bloqueado por riesgo: Operación abierta en curso (0s)
09-14 10:47:58.288 D/TradingEngine(18286): Headless bloqueado por riesgo: Operación abierta en curso (1s)
09-14 10:47:58.692 D/TradingEngine(18286): Headless bloqueado por riesgo: Operación abierta en curso (1s)
09-14 10:47:59.081 D/TradingEngine(18286): Headless bloqueado por riesgo: Operación abierta en curso (1s)
09-14 10:47:59.492 D/TradingEngine(18286): Headless bloqueado por riesgo: Operación abierta en curso (2s)
09-14 10:47:59.899 D/TradingEngine(18286): Headless bloqueado por riesgo: Operación abierta en curso (2s)
09-14 10:48:00.313 D/TradingEngine(18286): Headless bloqueado por riesgo: Operación abierta en curso (3s)
09-14 10:48:01.131 D/TradingEngine(18286): Headless bloqueado por riesgo: Operación abierta en curso (3s)
09-14 10:48:01.504 D/TradingEngine(18286): Headless bloqueado por riesgo: Operación abierta en curso (4s)
09-14 10:48:01.891 D/TradingEngine(18286): Headless bloqueado por riesgo: Operación abierta en curso (4s)
09-14 10:48:02.287 D/TradingEngine(18286): Headless bloqueado por riesgo: Operación abierta en curso (5s)
09-14 10:48:02.680 D/TradingEngine(18286): Headless bloqueado por riesgo: Operación abierta en curso (5s)
09-14 10:48:03.084 D/TradingEngine(18286): Headless bloqueado por riesgo: Operación abierta en curso (5s)
09-14 10:48:03.491 D/TradingEngine(18286): Headless bloqueado por riesgo: Operación abierta en curso (6s)
09-14 10:48:03.896 D/TradingEngine(18286): Headless bloqueado por riesgo: Operación abierta en curso (6s)
09-14 10:48:04.303 D/TradingEngine(18286): Headless bloqueado por riesgo: Operación abierta en curso (7s)
09-14 10:48:04.713 D/TradingEngine(18286): Headless bloqueado por riesgo: Operación abierta en curso (7s)
09-14 10:48:05.123 D/TradingEngine(18286): Headless bloqueado por riesgo: Operación abierta en curso (7s)
09-14 10:48:05.535 D/TradingEngine(18286): Headless bloqueado por riesgo: Operación abierta en curso (8s)
09-14 10:48:05.943 D/TradingEngine(18286): Headless bloqueado por riesgo: Operación abierta en curso (8s)
09-14 10:48:34.741 E/RiskManager(18286): CRITICAL STOP: Equity (182000.0) por debajo del suelo absoluto (4.0E7)
09-14 10:48:34.744 E/RiskManager(18286): CRITICAL STOP: Equity (182000.0) por debajo del suelo absoluto (4.0E7)
09-14 10:48:35.209 E/RiskManager(18286): CRITICAL STOP: Equity (182000.0) por debajo del suelo absoluto (4.0E7)
09-14 10:48:35.213 E/RiskManager(18286): CRITICAL STOP: Equity (182000.0) por debajo del suelo absoluto (4.0E7)
09-14 10:48:35.228 E/RiskManager(18286): CRITICAL STOP: Equity (182000.0) por debajo del suelo absoluto (4.0E7)
09-14 10:48:35.229 E/RiskManager(18286): CRITICAL STOP: Equity (182000.0) por debajo del suelo absoluto (4.0E7)
09-14 10:48:35.747 E/RiskManager(18286): CRITICAL STOP: Equity (182000.0) por debajo del suelo absoluto (4.0E7)
09-14 10:48:35.750 E/RiskManager(18286): CRITICAL STOP: Equity (182000.0) por debajo del suelo absoluto (4.0E7)
